// Jest Snapshot v1, https://goo.gl/fbAQLP

exports[`CredentialListItem Component should render a basic component with a credential type 1`] = `
<div
  class="list-group-item list-view-pf-stacked quipucords-credential-list-item list-view-pf-top-align"
>
  <div
    class="list-view-pf-checkbox"
  >
    <div
      class=""
    >
      <label
        title=""
      >
        <input
          type="checkbox"
        />
      </label>
    </div>
  </div>
  <div
    class="list-view-pf-actions"
  >
    <span>
      <button
        class="btn btn-link"
        type="button"
      >
        <span
          aria-hidden="true"
          class="pficon pficon-edit"
        />
      </button>
    </span>
    <span>
      <button
        class="btn btn-link"
        type="button"
      >
        <span
          aria-hidden="true"
          class="pficon pficon-delete"
        />
      </button>
    </span>
  </div>
  <div
    class="list-view-pf-main-info"
  >
    <div
      class="list-view-pf-left"
    >
      <span>
        <span
          aria-hidden="true"
          class="pficon pficon-network-range list-view-pf-icon-sm"
        />
      </span>
    </div>
    <div
      class="list-view-pf-body"
    >
      <div
        class="list-view-pf-description"
      >
        <div
          class="list-group-item-text"
        >
          <div
            class="quipucords-split-description"
          >
            <span
              class="quipucords-description-left"
            >
              <div
                class="list-group-item-heading"
              />
            </span>
            <span
              class="quipucords-description-right"
            >
              <span>
                Username and Password
              </span>
            </span>
          </div>
        </div>
      </div>
      <div
        class="list-view-pf-additional-info"
      >
        <div
          class="list-view-pf-additional-info-item list-view-info-item-icon-count invisible"
        >
          <div
            class="list-view-pf-expand"
          >
            <span
              class="fa fa-angle-right"
            />
            <strong>
              0
            </strong>
             Sources
          </div>
        </div>
      </div>
    </div>
  </div>
</div>
`;
