// Jest Snapshot v1, https://goo.gl/fbAQLP

exports[`ToastNotificationsList Component should shallow render a basic component 1`] = `
<Modal
  animation={true}
  autoFocus={true}
  backdrop={true}
  bsClass="modal"
  dialogComponentClass={[Function]}
  enforceFocus={true}
  keyboard={true}
  manager={
    ModalManager {
      "add": [Function],
      "containers": Array [],
      "data": Array [],
      "handleContainerOverflow": true,
      "hideSiblingNodes": true,
      "isTopModal": [Function],
      "modals": Array [],
      "remove": [Function],
    }
  }
  onHide={[Function]}
  renderBackdrop={[Function]}
  restoreFocus={true}
  show={true}
>
  <ModalHeader
    bsClass="modal-header"
    closeButton={false}
    closeLabel="Close"
  >
    <button
      aria-hidden="true"
      aria-label="Close"
      className="close"
      onClick={[Function]}
      type="button"
    >
      <Icon
        name="close"
        type="pf"
      />
    </button>
    <ModalTitle
      bsClass="modal-title"
      componentClass="h4"
    >
      Summary Merge Report
    </ModalTitle>
  </ModalHeader>
  <ModalBody
    bsClass="modal-body"
    componentClass="div"
  >
    <div
      className="merge-reports-body"
    >
      <span
        className="merge-reports-icon"
      >
        <Icon
          name="error-circle-o"
          type="pf"
        />
      </span>
      <span>
        <h3
          className="merge-reports-heading"
        >
          This action is invalid. You must select at least two scans with successful most recent scans.
        </h3>
        <div>
          <div>
            <span>
              Failed scans that cannot be included in the merged report:
            </span>
            <ul>
              <li
                key="1"
              >
                test
              </li>
            </ul>
          </div>
        </div>
      </span>
    </div>
  </ModalBody>
  <ModalFooter
    bsClass="modal-footer"
    componentClass="div"
  >
    <Button
      active={false}
      block={false}
      bsClass="btn"
      bsStyle="primary"
      className="btn-cancel"
      disabled={false}
      onClick={[Function]}
    >
      Close
    </Button>
  </ModalFooter>
</Modal>
`;
