// Jest Snapshot v1, https://goo.gl/fbAQLP

exports[`connected 1`] = `
<FormState
  onReset={[Function]}
  onSubmit={[Function]}
  resetUsingSetValues={true}
  setValues={
    Object {
      "sourceType": "network",
    }
  }
  setValuesAssumeBoolIsChecked={true}
  setValuesOnUpdate={false}
  validate={[Function]}
  validateOnMount={true}
  validateOnUpdate={false}
>
  <Component />
</FormState>
`;

exports[`non-connected 1`] = `
<form
  class="form-horizontal"
>
  <h3
    class="right-aligned_basic-form"
  >
    Select source type
  </h3>
  <div
    class="form-group"
  >
    <div
      class="radio"
    >
      <label
        title=""
      >
        <input
          checked=""
          name="sourceType"
          type="radio"
          value="network"
        />
        Network Range
      </label>
    </div>
    <div
      class="radio"
    >
      <label
        title=""
      >
        <input
          name="sourceType"
          type="radio"
          value="satellite"
        />
        Satellite
      </label>
    </div>
    <div
      class="radio"
    >
      <label
        title=""
      >
        <input
          name="sourceType"
          type="radio"
          value="vcenter"
        />
        vCenter Server
      </label>
    </div>
  </div>
</form>
`;
