// Jest Snapshot v1, https://goo.gl/fbAQLP

exports[`ScanJobsList Component should shallow render a basic component with an empty state status 1`] = `
<EmptyState
  className=""
>
  <EmptyStateIcon
    className=""
    name="spinner spinner-xl"
    type="pf"
  />
  <EmptyStateTitle
    className=""
  >
    Loading scan jobs...
  </EmptyStateTitle>
</EmptyState>
`;
