// Jest Snapshot v1, https://goo.gl/fbAQLP

exports[`SourceCredentialsList Component should render a sorted list 1`] = `
<div
  class="container-fluid"
>
  <div
    class="row"
  >
    <div
      class="col-sm-4 col-xs-12"
    >
      <span>
        <span
          aria-hidden="true"
          class="fa fa-id-card"
        />
          a test
      </span>
    </div>
  </div>
  <div
    class="row"
  >
    <div
      class="col-sm-4 col-xs-12"
    >
      <span>
        <span
          aria-hidden="true"
          class="fa fa-id-card"
        />
          b test
      </span>
    </div>
  </div>
</div>
`;
