// Jest Snapshot v1, https://goo.gl/fbAQLP

exports[`ConfirmationModal Component should shallow render a basic component 1`] = `
<div
  className="quipucords-content"
>
  <Switch>
    <Route
      component={[Function]}
      key="/sources"
      path="/sources"
    />
    <Route
      component={[Function]}
      key="/scans"
      path="/scans"
    />
    <Route
      component={[Function]}
      key="/credentials"
      path="/credentials"
    />
    <Redirect
      from="/"
      push={false}
      to="/sources"
    />
  </Switch>
</div>
`;
